b' <!DOCTYPE html> <html lang="en"> <head> <meta charset="utf-8"> <meta http-equiv="X-UA-Compatible" content="IE=edge"> <meta name="viewport" content="width=device-width, initial-scale=1">  <meta name="description" content="www.paste.org - allows users to paste snippets of text, usually samples of source code, for public viewing."> <meta name="author" content="An Australian"> <link rel="icon" href="/favicon.ico"> <title>Paste code - paste.org</title>  <link href="/assets/themes/bleh/css/github-highlight.css" rel="stylesheet"> <script src="/assets/themes/bleh/js/highlight.pack.js"></script> <script>hljs.initHighlightingOnLoad();</script> </head> <body> <p><pre><code class="nohighlight">]# fdisk -l\n\nDisk /dev/sda: 320.1 GB, 320072933376 bytes, 625142448 sectors\nUnits = sectors of 1 * 512 = 512 bytes\nSector size (logical/physical): 512 bytes / 4096 bytes\nI/O size (minimum/optimal): 4096 bytes / 4096 bytes\nDisk identifier: 0x8f800200\n\n   Device Boot      Start         End      Blocks   Id  System\n/dev/sda1   *          63   195318269    97659103+  83  Linux\nPartition 1 does not start on physical sector boundary.\n/dev/sda2       195318270   197278199      979965    5  Extended\nPartition 2 does not start on physical sector boundary.\n/dev/sda3   *   197278200   392596469    97659135   a5  FreeBSD\n/dev/sda5       195318333   197278199      979933+  82  Linux swap / Solaris\nPartition 5 does not start on physical sector boundary.</code></pre></p> <p align="right"><span style="font-size: 60%">Add a code snippet to your website: <a href="https://www.paste.org" target="_blank">www.paste.org</a></span></p> </body> </html>'